// Jest Snapshot v1, https://goo.gl/fbAQLP

exports[`Home page matches snapshot 1`] = `
<DocumentFragment>
  <div
    class="MuiContainer-root MuiContainer-maxWidthXl"
  >
    <div
      class="makeStyles-root-1"
    >
      <h1
        class="MuiTypography-root MuiTypography-h4 MuiTypography-gutterBottom"
      >
        Popular Movies
      </h1>
      <div>
        <div
          class="MuiGrid-root makeStyles-root-6 MuiGrid-container MuiGrid-spacing-xs-3"
        />
      </div>
    </div>
  </div>
</DocumentFragment>
`;
