// Jest Snapshot v1, https://goo.gl/fbAQLP

exports[`Movie page matches snapshot 1`] = `
<DocumentFragment>
  <div
    class="makeStyles-root-1"
  >
    <div
      class="MuiContainer-root MuiContainer-maxWidthXl"
    >
      <div
        class="MuiGrid-root MuiGrid-container MuiGrid-spacing-xs-2"
      >
        <div
          class="MuiGrid-root MuiGrid-item MuiGrid-grid-lg-12"
        />
      </div>
    </div>
  </div>
</DocumentFragment>
`;
